<html>
<body>
<pre>
<h1>礦ision Build Log</h1>
<h2>Tool Versions:</h2>
IDE-Version: μVision V5.14.0.0
Copyright (C) 2015 ARM Ltd and ARM Germany GmbH. All rights reserved.
License Information:  alientek Alientek, alientek, LIC=S5III-TBCCY-ZC3JY-I5TUJ-SS448-5PYFH
 
Tool Versions:
Toolchain:       MDK-ARM Professional  Version: 5.14.0.0
Toolchain Path:  D:\MDK\ARM\ARMCC\Bin
C Compiler:      Armcc.exe V5.05 update 1 (build 106)
Assembler:       Armasm.exe V5.05 update 1 (build 106)
Linker/Locator:  ArmLink.exe V5.05 update 1 (build 106)
Library Manager: ArmAr.exe V5.05 update 1 (build 106)
Hex Converter:   FromElf.exe V5.05 update 1 (build 106)
CPU DLL:         SARMCM3.DLL V5.14.0.0
Dialog DLL:      DCM.DLL V1.13.1.0
Target DLL:      STLink\ST-LINKIII-KEIL_SWO.dll V2.0.14.0_KEIL
Dialog DLL:      TCM.DLL V1.14.4.0
 
<h2>Project:</h2>
C:\Users\Administrator\Desktop\辉光钟\STM32 程序\应用版\USER\REMOTE.uvprojx
Project File Date:  01/18/2016

<h2>Output:</h2>
Rebuild target 'REMOTE'
compiling main.c...
compiling stm32f10x_it.c...
compiling system_stm32f10x.c...
compiling remote.c...
compiling ds1302.c...
..\HARDWARE\DS1302\ds1302.c(47): warning:  #174-D: expression has no effect
        while(count--) NOP();
..\HARDWARE\DS1302\ds1302.c: 1 warning, 0 errors
compiling 74HC595.c...
compiling beep.c...
compiling timer.c...
compiling delay.c...
compiling sys.c...
compiling usart.c...
compiling core_cm3.c...
assembling startup_stm32f10x_hd.s...
compiling misc.c...
compiling stm32f10x_fsmc.c...
compiling stm32f10x_gpio.c...
compiling stm32f10x_rcc.c...
compiling stm32f10x_tim.c...
compiling stm32f10x_usart.c...
linking...
Program Size: Code=14616 RO-data=336 RW-data=96 ZI-data=1880  
FromELF: creating hex file...
"..\OBJ\REMOTE.axf" - 0 Error(s), 1 Warning(s).

<h2>Collection of Component include folders:</h2>
  C:\Users\Administrator\Desktop\辉光钟\STM32 程序\应用版\USER\RTE
  D:\MDK\ARM\PACK\Keil\STM32F1xx_DFP\1.0.5\Device\Include

<h2>Collection of Component Files used:</h2>
</pre>
</body>
</html>
